// Jest Snapshot v1, https://goo.gl/fbAQLP

exports[`LoginForm should render with given state from Redux store 1`] = `
<div
  className="login"
>
  <h1
    className="login-header"
  >
    Login Page
  </h1>
  <form
    className="login-form"
    onSubmit={[Function]}
  >
    <input
      className="login-input"
      onChange={[Function]}
      placeholder="username"
      type="text"
      value=""
    />
    <br />
    <button
      className="login-button"
      type="submit"
    >
      Login
    </button>
    <span>
      
    </span>
  </form>
</div>
`;
