// Jest Snapshot v1, https://goo.gl/fbAQLP

exports[`Measureds should match with snapshot 1`] = `
<div
  className="measurement-page"
>
  <header
    className="measurement-page-header"
  >
    <h3>
      Track.It
    </h3>
  </header>
  <h1
    className="measureds-by-date-date"
  >
    
  </h1>
  <div
    className="measureds-by-date-wrapper"
  >
    <div
      className="measureds-date-selector"
    >
      <button
        className="dir-btn"
        onClick={[Function]}
        type="button"
      >
        <span
          className="iconify"
          data-icon="bx:bxs-left-arrow"
          data-inline="false"
        />
      </button>
      <button
        className="dir-btn"
        onClick={[Function]}
        type="button"
      >
        <span
          className="iconify"
          data-icon="bx:bxs-right-arrow"
          data-inline="false"
        />
      </button>
    </div>
    <div
      className="measureds-by-date"
    />
  </div>
  <nav
    className="footer-nav"
  >
    <ul
      className="footer-nav-ul"
    >
      <li
        className="footer-nav-li"
      >
        <a
          href="/undefined/measurement"
          onClick={[Function]}
        >
          <span
            className="iconify"
            data-icon="fluent-data-bar-vertical-add-24-filled"
            data-inline="false"
          />
          <span>
            Add measure
          </span>
        </a>
      </li>
      <li
        className="footer-nav-li"
      >
        <a
          href="/undefined/track/1"
          onClick={[Function]}
        >
          <span
            className="iconify"
            data-icon="iconoir:stat-up"
            data-inline="false"
          />
          <span>
            Track it
          </span>
        </a>
      </li>
      <li
        className="footer-nav-li"
      >
        <a
          href="/undefined/progress/1"
          onClick={[Function]}
        >
          <span
            className="iconify"
            data-icon="carbon:in-progress"
            data-inline="false"
          />
          <span>
            Your progress
          </span>
        </a>
      </li>
      <li
        className="footer-nav-li"
      >
        <a
          href="/undefined/more"
          onClick={[Function]}
        >
          <span
            className="iconify"
            data-icon="bi:three-dots"
            data-inline="false"
          />
          <span>
            More
          </span>
        </a>
      </li>
    </ul>
  </nav>
</div>
`;
