// Jest Snapshot v1, https://goo.gl/fbAQLP

exports[`Measureds should match with snapshot 1`] = `
<div
  className="measurement-page"
>
  <header
    className="measurement-page-header"
  >
    <h3>
      More
    </h3>
  </header>
  <div
    className="more"
  >
    <div
      className="user-profile"
    >
      <span
        className="user-img"
      >
        <span
          className="user-img-head"
        />
        <span
          className="user-img-body"
        />
      </span>
      <h1
        className="username"
      >
        
      </h1>
    </div>
    <ul
      className="more-ul"
    >
      <a
        className="more-link"
        href="/null/setgoal"
        onClick={[Function]}
      >
        <li
          className="more-li"
        >
          <span
            className="iconify"
            data-icon="flat-ui:goal"
            data-inline="false"
          />
          <h3
            className="more-li-title"
          >
            Your Goal
          </h3>
        </li>
      </a>
      <a
        className="more-link"
        href="/"
        onClick={[Function]}
      >
        <li
          className="more-li"
        >
          <span
            className="iconify"
            data-icon="websymbol:logout"
            data-inline="false"
          />
          <h3
            className="more-li-title"
          >
            Log Out
          </h3>
        </li>
      </a>
    </ul>
  </div>
  <nav
    className="footer-nav"
  >
    <ul
      className="footer-nav-ul"
    >
      <li
        className="footer-nav-li"
      >
        <a
          href="/undefined/measurement"
          onClick={[Function]}
        >
          <span
            className="iconify"
            data-icon="fluent-data-bar-vertical-add-24-filled"
            data-inline="false"
          />
          <span>
            Add measure
          </span>
        </a>
      </li>
      <li
        className="footer-nav-li"
      >
        <a
          href="/undefined/track/1"
          onClick={[Function]}
        >
          <span
            className="iconify"
            data-icon="iconoir:stat-up"
            data-inline="false"
          />
          <span>
            Track it
          </span>
        </a>
      </li>
      <li
        className="footer-nav-li"
      >
        <a
          href="/undefined/progress/1"
          onClick={[Function]}
        >
          <span
            className="iconify"
            data-icon="carbon:in-progress"
            data-inline="false"
          />
          <span>
            Your progress
          </span>
        </a>
      </li>
      <li
        className="footer-nav-li"
      >
        <a
          href="/undefined/more"
          onClick={[Function]}
        >
          <span
            className="iconify"
            data-icon="bi:three-dots"
            data-inline="false"
          />
          <span>
            More
          </span>
        </a>
      </li>
    </ul>
  </nav>
</div>
`;
